INFO:     Started server process [37280]
INFO:     Waiting for application startup.
[09/09/26 14:59:50] INFO     StreamableHTTP      streamable_http_manager.py:164
                             session manager                                   
                             started                                           
INFO:     Application startup complete.
INFO:     Uvicorn running on http://192.100.200.199:8100 (Press CTRL+C to quit)
[09/09/26 15:00:06] INFO     Terminating session: None   streamable_http.py:831
                    INFO     Terminating session: None   streamable_http.py:831
                    INFO     Processing request of type           server.py:733
                             ListToolsRequest                                  
                    INFO     Terminating session: None   streamable_http.py:831
[09/09/26 15:38:29] INFO     Terminating session: None   streamable_http.py:831
                    INFO     Terminating session: None   streamable_http.py:831
                    INFO     Processing request of type           server.py:733
                             ListToolsRequest                                  
                    INFO     Terminating session: None   streamable_http.py:831
[09/09/26 15:47:46] INFO     Terminating session: None   streamable_http.py:831
                    INFO     Terminating session: None   streamable_http.py:831
                    INFO     Processing request of type           server.py:733
                             ListToolsRequest                                  
                    INFO     Terminating session: None   streamable_http.py:831
[09/09/26 15:48:12] INFO     Terminating session: None   streamable_http.py:831
                    INFO     Terminating session: None   streamable_http.py:831
                    INFO     Processing request of type           server.py:733
                             ListToolsRequest                                  
                    INFO     Terminating session: None   streamable_http.py:831
[09/09/26 15:48:16] INFO     Terminating session: None   streamable_http.py:831
[09/09/26 15:48:17] INFO     Terminating session: None   streamable_http.py:831
                    INFO     Processing request of type           server.py:733
                             ListToolsRequest                                  
                    INFO     Terminating session: None   streamable_http.py:831
[09/09/26 15:48:18] INFO     Terminating session: None   streamable_http.py:831
                    INFO     Terminating session: None   streamable_http.py:831
                    INFO     Processing request of type           server.py:733
                             ListToolsRequest                                  
                    INFO     Terminating session: None   streamable_http.py:831
[09/09/26 15:54:39] INFO     Terminating session: None   streamable_http.py:831
                    INFO     Terminating session: None   streamable_http.py:831
                    INFO     Processing request of type           server.py:733
                             ListToolsRequest                                  
                    INFO     Terminating session: None   streamable_http.py:831
